|yyy Y f    |
|y y y      |
|yfy yf   f |
|yfyyy      |
|yfyyyf     |
|y yyyf     |
|y yyyyyyyyy|
|y yyyyyyyyy|
|y     f    |
|y          |
| f         |
