Food ⚕: [{0 4} {5 5} {2 3}]
Hadyn ■□□: {gs_4R7gbhhj39GHRmpVHTQpS99G Hadyn 95 [{1 10} {1 9} {1 8}] {0 0} 0   }
◦■◦◦◦◦◦◦◦◦◦
◦□◦◦◦◦◦◦◦◦◦
◦□◦◦◦◦◦◦◦◦◦
◦◦◦◦◦◦◦◦◦◦◦
◦◦◦◦◦◦◦◦◦◦◦
◦◦◦◦◦⚕◦◦◦◦◦
⚕◦◦◦◦◦◦◦◦◦◦
◦◦⚕◦◦◦◦◦◦◦◦
◦◦◦◦◦◦◦◦◦◦◦
◦◦◦◦◦◦◦◦◦◦◦
◦◦◦◦◦◦◦◦◦◦◦
