| yy yyyyyyy|
| yyyyyy   y|
|yyyyyy    y|
|yyYyyy  f y|
| y yyy    y|
| y yff fff |
| y y f   ff|
| yyy       |
|fyy  ff   f|
|        fff|
|  f    f ff|
