|       S Yy|
|       ss y|
|    f   f  |
|           |
|           |
|     f     |
|           |
|           |
|           |
|           |
|           |
