|         Y |
|         y |
|         y |
|           |
|     S     |
|     s     |
|     s    f|
|     s     |
|    f      |
|           |
|           |
