|           |
|           |
|           |
|           |
|           |
|292827        |
|  2625     12|
|   24      3|
|   23  1211  4|
| 202122  13109 5|
| 191817161514 876|
