|   |   |   |   |   |   |   |   |   |   |   |
|   |   |   |   |   |   |   |   |   |   |   |
|003|002|001|   |   |   |   |   |   |   |   |
|004|   |   |   |   |   |   |   |   |   |   |
|005|   |   |   |   |   |   |   |   |   |   |
|006|   |   |   |   |   |   |   |   |   |   |
|007|   |   |   |   |   |   |   |   |   |   |
|008|   |   |   |   |   |   |   |   |   |   |
|   |006|005|004|003|001|   |   |   |   |   |
|008|007|   |   |   |   |   |   |   |   |   |
|   |   |   |   |   |   |   |   |   |   |   |
