|   |   |   |   |   |   |   |   |   |   |   |
|   |   |   |   |   |   |   |   |   |   |   |
|   |   |   |   |   |   |   |   |   |   |   |
|   |   |   |   |   |   |   |   |   |   |   |
|   |   |   |   |   |   |001|   |   |   |   |
|   |   |   |   |005|004|003|   |   |   |   |
|   |   |   |   |006|   |   |   |   |   |   |
|   |   |   |   |007|008|009|   |   |   |   |
|   |   |   |   |   |011|010|   |   |   |   |
|   |   |   |   |013|012|   |018|   |   |   |
|   |   |   |   |014|015|016|017|   |   |   |
