|           |
|           |
|           |
|           |
|           |
|           |
|     4     |
|     32    |
|      1    |
|           |
|321        |
