|           |
|           |
|           |
|           |
|  f        |
|     f     |
|     S     |
|     ss    |
|      s    |
|           |
|Yyy      f |
