Food ⚕: [{8 4} {5 6} {10 0} {2 4} {6 7} {8 5} {6 1} {0 10} {8 8}]
Hadyn ■□□: {gs_byRKh6M43Skqvwrr4MVjKVGW Hadyn 100 [{7 1} {7 0} {6 0} {5 0} {4 0} {4 1} {5 1} {5 2} {6 2} {6 3} {5 3} {4 3} {4 4} {4 5} {5 5} {6 5} {6 6} {6 6}] {0 0} 0   }
⚕◦◦◦◦◦◦◦◦◦◦
◦◦◦◦◦◦◦◦◦◦◦
◦◦◦◦◦◦◦◦⚕◦◦
◦◦◦◦◦◦⚕◦◦◦◦
◦◦◦◦◦⚕□◦◦◦◦
◦◦◦◦□□□◦⚕◦◦
◦◦⚕◦□◦◦◦⚕◦◦
◦◦◦◦□□□◦◦◦◦
◦◦◦◦◦□□◦◦◦◦
◦◦◦◦□□⚕■◦◦◦
◦◦◦◦□□□□◦◦⚕
