Food ⚕: [{1 10} {8 7} {5 5} {5 2} {2 2} {9 1}]
#22aa34 ■□□: {you #22aa34 100 [{3 10} {0 9} {0 8} {1 8} {2 8} {3 8} {3 9}] {3 10} 7   }
◦⚕◦■◦◦◦◦◦◦◦
□◦◦□◦◦◦◦◦◦◦
□□□□◦◦◦◦◦◦◦
◦◦◦◦◦◦◦◦⚕◦◦
◦◦◦◦◦◦◦◦◦◦◦
◦◦◦◦◦⚕◦◦◦◦◦
◦◦◦◦◦◦◦◦◦◦◦
◦◦◦◦◦◦◦◦◦◦◦
◦◦⚕◦◦⚕◦◦◦◦◦
◦◦◦◦◦◦◦◦◦⚕◦
◦◦◦◦◦◦◦◦◦◦◦
