|           |
|       y   |
|       y sS|
|       Y ss|
|f    f     |
|     f     |
|        f  |
|           |
|           |
|          f|
|        f  |
