|   |   |   |   |   |   |   |   |   |   |   |
|   |   |   |   |   |   |   |   |   |   |   |
|   |   |   |   |   |   |   |   |   |   |   |
|   |003|   |   |   |   |   |   |   |   |   |
|   |002|   |   |   |   |   |   |   |   |   |
|   |001|   |   |   |   |   |   |   |   |   |
|   |   |   |   |   |   |   |   |   |   |   |
|   |   |   |   |   |   |   |   |   |   |   |
|   |   |   |   |   |   |   |   |   |   |   |
|   |001|002|003|   |   |   |   |   |001|   |
|   |   |   |   |   |   |   |   |003|002|   |
