Food ⚕: [{5 5} {7 8} {7 10} {9 2} {2 10} {5 1} {3 6} {6 7} {4 6} {4 5} {6 8} {4 9} {5 4} {7 7} {0 7} {1 6} {2 6} {0 6} {9 3} {9 7} {8 10} {4 4} {0 10} {3 7} {10 7} {4 3} {0 3} {5 3} {10 6} {6 10} {9 1} {2 7} {1 7} {5 8} {6 5} {4 1} {5 2} {2 3} {6 3} {2 2} {8 3} {7 0} {1 3} {9 10} {0 0} {10 9} {10 5} {1 2} {5 6} {8 6}]
Charmer ■□□: {gs_w4PJjd3StpyXkJtd6prMcj7P Charmer 99 [{0 5} {1 5} {2 5} {2 4} {3 4} {3 3} {3 2} {3 1} {2 1} {1 1} {1 0} {2 0} {3 0} {4 0} {5 0} {6 0} {6 1} {6 2} {7 2} {7 1} {8 1} {8 0} {9 0} {10 0} {10 1} {10 2} {10 3} {10 4} {9 4}] {0 0} 0   }
⚕◦⚕◦◦◦⚕⚕⚕⚕◦
◦◦◦◦⚕◦◦◦◦◦⚕
◦◦◦◦◦⚕⚕⚕◦◦◦
⚕⚕⚕⚕◦◦⚕⚕◦⚕⚕
⚕⚕⚕⚕⚕⚕◦◦⚕◦⚕
■□□◦⚕⚕⚕◦◦◦⚕
◦◦□□⚕⚕◦◦◦□□
⚕⚕⚕□⚕⚕⚕◦⚕⚕□
◦⚕⚕□◦⚕□□◦⚕□
◦□□□⚕⚕□□□⚕□
⚕□□□□□□⚕□□□
