|010|011|012|   |044|   |   |   |   |   |   |
|009|   |013|   |043|   |   |   |   |   |   |
|008|   |014|   |042|   |   |   |   |   |   |
|007|   |015|040|041|   |   |   |   |   |   |
|006|   |016|039|038|   |   |   |   |   |   |
|005|   |017|036|037|   |   |   |   |   |   |
|004|   |018|035|034|033|032|031|030|029|028|
|003|   |019|020|021|022|023|024|025|026|027|
|002|   |   |   |   |   |   |   |   |   |   |
|001|   |   |   |   |   |   |   |   |   |   |
|   |   |   |   |   |   |   |   |   |   |   |
