|  f        |
|           |
|           |
| S         |
| sf        |
| s   f     |
|           |
|           |
|  f       f|
| yyY     s |
|        Ss |
