|   |020|019|   |013|012|009|008|007|006|005|
|   |021|018|015|014|011|010|   |   |   |004|
|023|022|017|016|041|040|   |   |   |   |003|
|024|025|044|043|042|039|   |   |   |   |002|
|   |026|   |036|037|038|   |   |   |   |001|
|   |027|   |035|   |   |   |   |   |   |   |
|   |028|   |034|   |   |   |   |   |   |   |
|   |029|032|033|   |   |   |   |   |   |   |
|   |030|031|   |   |   |   |   |   |   |   |
|   |   |   |   |   |   |   |   |   |   |   |
|   |   |   |   |   |   |   |   |   |   |   |
