|   |   |   |   |   |   |   |   |   |   |   |
|   |   |   |   |   |   |   |   |   |   |   |
|   |   |   |   |   |   |   |   |   |   |   |
|   |   |   |   |   |   |   |   |   |   |   |
|   |   |   |   |   |   |   |   |   |   |   |
|   |   |   |   |   |   |   |   |   |   |   |
|   |   |   |   |   |001|002|003|004|005|006|
|   |   |   |   |005|006|007|008|009|008|007|
|   |   |   |   |004|   |   |   |010|   |   |
|   |   |   |   |003|002|001|   |011|012|   |
|   |   |   |   |   |   |   |   |   |   |   |
