Food ⚕: [{8 10} {8 7} {6 8}]
HungryHulk ■□□: {gs_ffgM4pRtbDP4BkW37bqdxQcW HungryHulk 99 [{9 1} {8 1} {8 2} {8 3} {7 3} {6 3} {5 3} {4 3} {4 2} {4 1} {5 1} {6 1}] {0 0} 0   }
striker ●⍟⍟: {gs_YSBjkX47Y7th7886qx9WjrvT striker 92 [{9 3} {10 3} {10 4} {9 4} {8 4} {7 4} {6 4} {5 4}] {0 0} 0   }
◦◦◦◦◦◦◦◦⚕◦◦
◦◦◦◦◦◦◦◦◦◦◦
◦◦◦◦◦◦⚕◦◦◦◦
◦◦◦◦◦◦◦◦⚕◦◦
◦◦◦◦◦◦◦◦◦◦◦
◦◦◦◦◦◦◦◦◦◦◦
◦◦◦◦◦⍟⍟⍟⍟⍟⍟
◦◦◦◦□□□□□●⍟
◦◦◦◦□◦◦◦□◦◦
◦◦◦◦□□□◦□■◦
◦◦◦◦◦◦◦◦◦◦◦
