|           |
|           |
|           |
|           |
|           |
|           |
|           |
|           |
| 321       |
| 4 0       |
|           |
