|ff   ff yyy|
|yyy  fffyfy|
|yyy    f yy|
|yyyyff  fyf|
|yyyyfffffyf|
|yyyyfffffy |
|fyyyfyyy yf|
|fyyyyyfyyyf|
|fyy  f fff |
| f   fff ff|
| ff  f  f  |
