|ff  ffffyyy|
|fffff fyyyy|
| fff fyyfyy|
|   f  yffyy|
|f   ffyffyy|
|      yy yy|
|  f  ffyfyy|
|  ff ffyff |
|  f ff y   |
|       f   |
|fff    fff |
